17:22:26 **** Incremental Build of configuration Debug for project Interrupt_Demo ****
make -j28 all 
arm-none-eabi-gcc "../Core/Src/main.c" -mcpu=cortex-m4 -std=gnu11 -g3 -DDEBUG -DUSE_HAL_DRIVER -DSTM32L4S5xx -c -I../Core/Inc -I../Drivers/STM32L4xx_HAL_Driver/Inc -I../Drivers/STM32L4xx_HAL_Driver/Inc/Legacy -I../Drivers/CMSIS/Device/ST/STM32L4xx/Include -I../Drivers/CMSIS/Include -O0 -ffunction-sections -fdata-sections -Wall -fstack-usage -fcyclomatic-complexity -MMD -MP -MF"Core/Src/main.d" -MT"Core/Src/main.o" --specs=nano.specs -mfpu=fpv4-sp-d16 -mfloat-abi=hard -mthumb -o "Core/Src/main.o"
arm-none-eabi-gcc -o "Interrupt_Demo.elf" @"objects.list"   -mcpu=cortex-m4 -T"D:\Nitte_TinyML_Workshop\TinyML_Workshop\STM32\Interrupt_Demo\STM32L4S5VITX_FLASH.ld" --specs=nosys.specs -Wl,-Map="Interrupt_Demo.map" -Wl,--gc-sections -static --specs=nano.specs -mfpu=fpv4-sp-d16 -mfloat-abi=hard -mthumb -Wl,--start-group -lc -lm -Wl,--end-group
Finished building target: Interrupt_Demo.elf
 
arm-none-eabi-size  Interrupt_Demo.elf 
arm-none-eabi-objdump -h -S Interrupt_Demo.elf  > "Interrupt_Demo.list"
   text	   data	    bss	    dec	    hex	filename
   6916	     12	   1572	   8500	   2134	Interrupt_Demo.elf
Finished building: default.size.stdout
 
Finished building: Interrupt_Demo.list
 
17:24:00 **** Incremental Build of configuration Debug for project Interrupt_Demo ****
make -j28 all 
arm-none-eabi-size  Interrupt_Demo.elf 
   text	   data	    bss	    dec	    hex	filename
   6916	     12	   1572	   8500	   2134	Interrupt_Demo.elf
Finished building: default.size.stdout
 
