../Core/Src/main.c:117:6:MX_X_CUBE_AI_Init	16	static
../Core/Src/main.c:153:5:main	8	static
../Core/Src/main.c:216:6:SystemClock_Config	96	static
../Core/Src/main.c:267:13:MX_I2C2_Init	8	static
../Core/Src/main.c:315:13:MX_USART1_UART_Init	8	static
../Core/Src/main.c:363:13:MX_GPIO_Init	16	static
../Core/Src/main.c:378:5:_write	24	static
../Core/Src/main.c:385:6:AI_Run	16	static
../Core/Src/main.c:413:9:Receive_Test_Sample	32	static
../Core/Src/main.c:469:6:Error_Handler	4	static,ignoring_inline_asm
