../Core/Src/main.c:121:6:MX_X_CUBE_AI_Init	16	static
../Core/Src/main.c:157:5:main	8	static
../Core/Src/main.c:218:6:SystemClock_Config	96	static
../Core/Src/main.c:269:13:MX_I2C1_Init	8	static
../Core/Src/main.c:317:13:MX_USART1_UART_Init	8	static
../Core/Src/main.c:365:13:MX_GPIO_Init	16	static
../Core/Src/main.c:380:5:_write	24	static
../Core/Src/main.c:387:6:AI_Run	16	static
../Core/Src/main.c:415:9:Receive_Test_Sample	32	static
../Core/Src/main.c:471:6:Error_Handler	4	static,ignoring_inline_asm
