../Core/Inc/mpu.h:22:6:MPU6050_Init	32	static
../Core/Inc/mpu.h:31:6:MPU6050_Read_Accel	40	static
../Core/Inc/mpu.h:52:6:MPU6050_Read_Gyro	40	static
../Core/Src/main.c:103:6:MX_X_CUBE_AI_Init	16	static
../Core/Src/main.c:139:5:main	104	static
../Core/Src/main.c:263:6:SystemClock_Config	96	static
../Core/Src/main.c:314:13:MX_I2C1_Init	8	static
../Core/Src/main.c:362:13:MX_USART1_UART_Init	8	static
../Core/Src/main.c:410:13:MX_GPIO_Init	16	static
../Core/Src/main.c:425:5:_write	24	static
../Core/Src/main.c:431:6:Normalize_Features	16	static
../Core/Src/main.c:448:6:AI_Run	16	static
../Core/Src/main.c:476:6:Error_Handler	4	static,ignoring_inline_asm
